T0B98 000:000.697   SEGGER J-Link V8.44a Log File
T0B98 000:000.832   DLL Compiled: Jun 18 2025 16:28:32
T0B98 000:000.839   Logging started @ 2025-08-19 13:36
T0B98 000:000.844   Process: C:\Users\daled\.eclipse\com.renesas.platform_1872530737\DebugComp\RA\e2-server-gdb.exe
T0B98 000:000.853 - 0.849ms 
T0B98 000:000.865 JLINK_GetDLLVersion()
T0B98 000:000.872 - 0.007ms returns 84401
T0B98 000:003.123 JLINK_OpenEx(...)
T0B98 000:005.806   Looking for J-Link GUI Server exe at: C:\Users\daled\.eclipse\com.renesas.platform_1872530737\DebugComp\RA\ARM\Segger_v8.44.1\JLinkGUIServer.exe
T0B98 000:005.896   Looking for J-Link GUI Server exe at: C:\Program Files\SEGGER\JLink_V856\JLinkGUIServer.exe
T0B98 000:005.939   Forking J-Link GUI Server: C:\Program Files\SEGGER\JLink_V856\JLinkGUIServer.exe
T0B98 000:035.524   J-Link GUI Server info: "J-Link GUI server V8.56 "
T0B98 004:492.085   
  ***** Error: 
T0B98 004:492.127   Cannot connect to J-Link.
T0B98 004:492.392 - 4489.269ms returns "Cannot connect to J-Link."
T0B98 004:492.615 JLINK_OpenEx(...)
T0B98 004:494.208   Looking for J-Link GUI Server exe at: C:\Users\daled\.eclipse\com.renesas.platform_1872530737\DebugComp\RA\ARM\Segger_v8.44.1\JLinkGUIServer.exe
T0B98 004:494.323   Looking for J-Link GUI Server exe at: C:\Program Files\SEGGER\JLink_V856\JLinkGUIServer.exe
T0B98 004:494.396   Forking J-Link GUI Server: C:\Program Files\SEGGER\JLink_V856\JLinkGUIServer.exe
T0B98 004:505.698   J-Link GUI Server info: "J-Link GUI server V8.56 "
T0B98 005:267.778   
  ***** Error: 
T0B98 005:267.819   Cannot connect to J-Link.
T0B98 005:268.068 - 775.452ms returns "Cannot connect to J-Link."
T0B98 006:979.632 JLINK_Close()
T0B98 006:980.434 - 0.802ms
T0B98 006:980.448   
T0B98 006:980.453   Closed
